// Jest Snapshot v1, https://goo.gl/fbAQLP

exports[`SignOut matches snapshot 1`] = `
<Mutation
  errorPolicy="all"
  mutation={
    Object {
      "definitions": Array [
        Object {
          "directives": Array [],
          "kind": "OperationDefinition",
          "name": Object {
            "kind": "Name",
            "value": "SIGN_OUT_MUTATION",
          },
          "operation": "mutation",
          "selectionSet": Object {
            "kind": "SelectionSet",
            "selections": Array [
              Object {
                "alias": undefined,
                "arguments": Array [],
                "directives": Array [],
                "kind": "Field",
                "name": Object {
                  "kind": "Name",
                  "value": "signOut",
                },
                "selectionSet": undefined,
              },
            ],
          },
          "variableDefinitions": Array [],
        },
      ],
      "kind": "Document",
      "loc": Object {
        "end": 48,
        "start": 0,
      },
    }
  }
  onError={[Function]}
>
  <Component />
</Mutation>
`;
