// Jest Snapshot v1, https://goo.gl/fbAQLP

exports[`SignOn matches snapshot 1`] = `
<Component>
  <Component />
</Component>
`;
