// Jest Snapshot v1, https://goo.gl/fbAQLP

exports[`IndexPage matches snapshot 1`] = `
<Fragment>
  <Memo()
    title="Home"
  />
  <Memo() />
</Fragment>
`;
