// Jest Snapshot v1, https://goo.gl/fbAQLP

exports[`RequestResetPage matches snapshot 1`] = `
<Fragment>
  <Component
    title="Request Reset"
  />
  <RequestReset />
</Fragment>
`;
