// Jest Snapshot v1, https://goo.gl/fbAQLP

exports[`ResetPasswordPage matches snapshot 1`] = `
<Component
  router={
    Object {
      "query": Object {
        "resetToken": "",
        "resetTokenExpiry": "",
      },
    }
  }
/>
`;
