// Jest Snapshot v1, https://goo.gl/fbAQLP

exports[`SignInPage matches snapshot 1`] = `
<Fragment>
  <Memo()
    title="Sign In"
  />
  <SignIn />
</Fragment>
`;
