// Jest Snapshot v1, https://goo.gl/fbAQLP

exports[`SignUpPage matches snapshot 1`] = `
<Fragment>
  <Memo()
    title="Sign Up"
  />
  <SignUp />
</Fragment>
`;
