// Jest Snapshot v1, https://goo.gl/fbAQLP

exports[`DetailIcon matches snapshot 1`] = `
.c1 {
  font-size: 1.2rem;
}

.c0 {
  line-height: 0;
}

<a
  class="c0"
>
  <i
    aria-label="icon: up-square"
    class="anticon anticon-up-square c1"
  >
    <svg
      aria-hidden="true"
      class=""
      data-icon="up-square"
      fill="currentColor"
      focusable="false"
      height="1em"
      viewBox="64 64 896 896"
      width="1em"
    >
      <path
        d="M880 112H144c-17.7 0-32 14.3-32 32v736c0 17.7 14.3 32 32 32h736c17.7 0 32-14.3 32-32V144c0-17.7-14.3-32-32-32zm-40 728H184V184h656v656z"
        fill="#1890ff"
      />
      <path
        d="M184 840h656V184H184v656zm143.5-228.7l178-246c3.2-4.4 9.7-4.4 12.9 0l178 246c3.9 5.3.1 12.7-6.4 12.7h-46.9c-10.2 0-19.9-4.9-25.9-13.2L512 465.4 406.8 610.8c-6 8.3-15.6 13.2-25.9 13.2H334c-6.5 0-10.3-7.4-6.5-12.7z"
        fill="#e6f7ff"
      />
      <path
        d="M334 624h46.9c10.3 0 19.9-4.9 25.9-13.2L512 465.4l105.2 145.4c6 8.3 15.7 13.2 25.9 13.2H690c6.5 0 10.3-7.4 6.4-12.7l-178-246a7.95 7.95 0 0 0-12.9 0l-178 246c-3.8 5.3 0 12.7 6.5 12.7z"
        fill="#1890ff"
      />
    </svg>
  </i>
</a>
`;
