// Jest Snapshot v1, https://goo.gl/fbAQLP

exports[`DisplayLoading renders correctly 1`] = `
<p>
  Loading...
</p>
`;
