// Jest Snapshot v1, https://goo.gl/fbAQLP

exports[`Head matches snapshot 1`] = `
<Head>
  <title>
    Starter | test
  </title>
</Head>
`;
