// Jest Snapshot v1, https://goo.gl/fbAQLP

exports[`Layout renders correctly 1`] = `
<Layoutstyle__divLayout>
  <Layoutstyle__headerMarginLeft />
  <Memo() />
  <Layoutstyle__headerMarginRight />
  <div
    key="1"
  >
    mock child component
  </div>
</Layoutstyle__divLayout>
`;
