// Jest Snapshot v1, https://goo.gl/fbAQLP

exports[`SignOut matches snapshot 1`] = `undefined`;
