// Jest Snapshot v1, https://goo.gl/fbAQLP

exports[`Examples matches snapshot 1`] = `ShallowWrapper {}`;
